// Jest Snapshot v1, https://goo.gl/fbAQLP

exports[`Autocomplete component without props should match snapshot 1`] = `
<Autocomplete
  autoHighlight={true}
  getItemValue={[Function]}
  inputProps={
    Object {
      "placeholder": "Input text here...",
    }
  }
  isItemSelectable={[Function]}
  menuStyle={
    Object {
      "background": "rgba(255, 255, 255, 0.9)",
      "borderRadius": "3px",
      "boxShadow": "0 2px 12px rgba(0, 0, 0, 0.1)",
      "fontSize": "90%",
      "maxHeight": "50%",
      "overflow": "auto",
      "padding": "2px 0",
      "position": "fixed",
    }
  }
  onChange={[Function]}
  onMenuVisibilityChange={[Function]}
  onSelect={[Function]}
  renderInput={[Function]}
  renderItem={[Function]}
  renderMenu={[Function]}
  selectOnBlur={false}
  value=""
  wrapperProps={Object {}}
  wrapperStyle={
    Object {
      "alignItems": "center",
      "display": "flex",
      "flexDirection": "column",
      "margin": "32px",
      "width": "100%",
    }
  }
/>
`;
